<experiment version="1">
  <epochGroup label="label" identifier="a5839fe9-90ef-4e39-bf26-8f75048306f3" startTime="8/22/2011 5:12:00 PM +00:00" timeZoneUTCOffsetHours="-6" source="source">
    <keywords />
    <properties />
    <epoch protocolID="LowGainSimulation" UUID="a5839fe9-90ef-4e39-bf26-8f75048306a3" startTime="1/1/0001 12:00:00 AM +00:00">
      <background>
        <Device0>
          <backgroundMeasurement>
            <measurement qty="0" unit="V" />
          </backgroundMeasurement>
          <sampleRate>
            <measurement qty="5" unit="Hz" />
          </sampleRate>
        </Device0>
        <Device1>
          <backgroundMeasurement>
            <measurement qty="0" unit="V" />
          </backgroundMeasurement>
          <sampleRate>
            <measurement qty="5" unit="Hz" />
          </sampleRate>
        </Device1>
      </background>
      <protocolParameters>
        <key1>value1</key1>
      </protocolParameters>
      <keywords />
      <stimuli>
        <stimulus device="Device0" stimulusID="RenderedStimulus" stimulusUnits="V">
          <parameters />
          <nodeConfigurationSpans>
            <nodeConfigurationSpan startTimeSeconds="0" timeSpanSeconds="0.6">
              <Device0 />
              <Out0 />
              <SimulationDAQController />
            </nodeConfigurationSpan>
            <nodeConfigurationSpan startTimeSeconds="0.6" timeSpanSeconds="0.6">
              <Device0 />
              <Out0 />
              <SimulationDAQController />
            </nodeConfigurationSpan>
            <nodeConfigurationSpan startTimeSeconds="1.2" timeSpanSeconds="0.6">
              <Device0 />
              <Out0 />
              <SimulationDAQController />
            </nodeConfigurationSpan>
            <nodeConfigurationSpan startTimeSeconds="1.8" timeSpanSeconds="0.6">
              <Device0 />
              <Out0 />
              <SimulationDAQController />
            </nodeConfigurationSpan>
            <nodeConfigurationSpan startTimeSeconds="2.4" timeSpanSeconds="0.6">
              <Device0 />
              <Out0 />
              <SimulationDAQController />
            </nodeConfigurationSpan>
            <nodeConfigurationSpan startTimeSeconds="3" timeSpanSeconds="0.6">
              <Device0 />
              <Out0 />
              <SimulationDAQController />
            </nodeConfigurationSpan>
            <nodeConfigurationSpan startTimeSeconds="3.6" timeSpanSeconds="0.6">
              <Device0 />
              <Out0 />
              <SimulationDAQController />
            </nodeConfigurationSpan>
            <nodeConfigurationSpan startTimeSeconds="4.2" timeSpanSeconds="0.6">
              <Device0 />
              <Out0 />
              <SimulationDAQController />
            </nodeConfigurationSpan>
            <nodeConfigurationSpan startTimeSeconds="4.8" timeSpanSeconds="0.6">
              <Device0 />
              <Out0 />
              <SimulationDAQController />
            </nodeConfigurationSpan>
            <nodeConfigurationSpan startTimeSeconds="5.4" timeSpanSeconds="0.6">
              <Device0 />
              <Out0 />
              <SimulationDAQController />
            </nodeConfigurationSpan>
            <nodeConfigurationSpan startTimeSeconds="6" timeSpanSeconds="0.6">
              <Device0 />
              <Out0 />
              <SimulationDAQController />
            </nodeConfigurationSpan>
            <nodeConfigurationSpan startTimeSeconds="6.6" timeSpanSeconds="0.6">
              <Device0 />
              <Out0 />
              <SimulationDAQController />
            </nodeConfigurationSpan>
            <nodeConfigurationSpan startTimeSeconds="7.2" timeSpanSeconds="0.6">
              <Device0 />
              <Out0 />
              <SimulationDAQController />
            </nodeConfigurationSpan>
            <nodeConfigurationSpan startTimeSeconds="7.8" timeSpanSeconds="0.6">
              <Device0 />
              <Out0 />
              <SimulationDAQController />
            </nodeConfigurationSpan>
            <nodeConfigurationSpan startTimeSeconds="8.4" timeSpanSeconds="0.6">
              <Device0 />
              <Out0 />
              <SimulationDAQController />
            </nodeConfigurationSpan>
            <nodeConfigurationSpan startTimeSeconds="9" timeSpanSeconds="0.6">
              <Device0 />
              <Out0 />
              <SimulationDAQController />
            </nodeConfigurationSpan>
            <nodeConfigurationSpan startTimeSeconds="9.6" timeSpanSeconds="0.4">
              <Device0 />
              <Out0 />
              <SimulationDAQController />
            </nodeConfigurationSpan>
          </nodeConfigurationSpans>
        </stimulus>
        <stimulus device="Device1" stimulusID="RenderedStimulus" stimulusUnits="V">
          <parameters />
          <nodeConfigurationSpans>
            <nodeConfigurationSpan startTimeSeconds="0" timeSpanSeconds="0.6">
              <Device1 />
              <Out1 />
              <SimulationDAQController />
            </nodeConfigurationSpan>
            <nodeConfigurationSpan startTimeSeconds="0.6" timeSpanSeconds="0.6">
              <Device1 />
              <Out1 />
              <SimulationDAQController />
            </nodeConfigurationSpan>
            <nodeConfigurationSpan startTimeSeconds="1.2" timeSpanSeconds="0.6">
              <Device1 />
              <Out1 />
              <SimulationDAQController />
            </nodeConfigurationSpan>
            <nodeConfigurationSpan startTimeSeconds="1.8" timeSpanSeconds="0.6">
              <Device1 />
              <Out1 />
              <SimulationDAQController />
            </nodeConfigurationSpan>
            <nodeConfigurationSpan startTimeSeconds="2.4" timeSpanSeconds="0.6">
              <Device1 />
              <Out1 />
              <SimulationDAQController />
            </nodeConfigurationSpan>
            <nodeConfigurationSpan startTimeSeconds="3" timeSpanSeconds="0.6">
              <Device1 />
              <Out1 />
              <SimulationDAQController />
            </nodeConfigurationSpan>
            <nodeConfigurationSpan startTimeSeconds="3.6" timeSpanSeconds="0.6">
              <Device1 />
              <Out1 />
              <SimulationDAQController />
            </nodeConfigurationSpan>
            <nodeConfigurationSpan startTimeSeconds="4.2" timeSpanSeconds="0.6">
              <Device1 />
              <Out1 />
              <SimulationDAQController />
            </nodeConfigurationSpan>
            <nodeConfigurationSpan startTimeSeconds="4.8" timeSpanSeconds="0.6">
              <Device1 />
              <Out1 />
              <SimulationDAQController />
            </nodeConfigurationSpan>
            <nodeConfigurationSpan startTimeSeconds="5.4" timeSpanSeconds="0.6">
              <Device1 />
              <Out1 />
              <SimulationDAQController />
            </nodeConfigurationSpan>
            <nodeConfigurationSpan startTimeSeconds="6" timeSpanSeconds="0.6">
              <Device1 />
              <Out1 />
              <SimulationDAQController />
            </nodeConfigurationSpan>
            <nodeConfigurationSpan startTimeSeconds="6.6" timeSpanSeconds="0.6">
              <Device1 />
              <Out1 />
              <SimulationDAQController />
            </nodeConfigurationSpan>
            <nodeConfigurationSpan startTimeSeconds="7.2" timeSpanSeconds="0.6">
              <Device1 />
              <Out1 />
              <SimulationDAQController />
            </nodeConfigurationSpan>
            <nodeConfigurationSpan startTimeSeconds="7.8" timeSpanSeconds="0.6">
              <Device1 />
              <Out1 />
              <SimulationDAQController />
            </nodeConfigurationSpan>
            <nodeConfigurationSpan startTimeSeconds="8.4" timeSpanSeconds="0.6">
              <Device1 />
              <Out1 />
              <SimulationDAQController />
            </nodeConfigurationSpan>
            <nodeConfigurationSpan startTimeSeconds="9" timeSpanSeconds="0.6">
              <Device1 />
              <Out1 />
              <SimulationDAQController />
            </nodeConfigurationSpan>
            <nodeConfigurationSpan startTimeSeconds="9.6" timeSpanSeconds="0.4">
              <Device1 />
              <Out1 />
              <SimulationDAQController />
            </nodeConfigurationSpan>
          </nodeConfigurationSpans>
        </stimulus>
      </stimuli>
      <responses>
        <response device="Device0">
          <inputTime>1/1/0001 12:00:00 AM +00:00</inputTime>
          <sampleRate>
            <measurement qty="5" unit="Hz" />
          </sampleRate>
          <nodeConfigurationSpans>
            <nodeConfigurationSpan startTimeSeconds="0" timeSpanSeconds="0.6">
              <SimulationController />
              <In0 />
              <Device0 />
            </nodeConfigurationSpan>
            <nodeConfigurationSpan startTimeSeconds="0.6" timeSpanSeconds="0.6">
              <SimulationController />
              <In0 />
              <Device0 />
            </nodeConfigurationSpan>
            <nodeConfigurationSpan startTimeSeconds="1.2" timeSpanSeconds="0.6">
              <SimulationController />
              <In0 />
              <Device0 />
            </nodeConfigurationSpan>
            <nodeConfigurationSpan startTimeSeconds="1.8" timeSpanSeconds="0.6">
              <SimulationController />
              <In0 />
              <Device0 />
            </nodeConfigurationSpan>
            <nodeConfigurationSpan startTimeSeconds="2.4" timeSpanSeconds="0.6">
              <SimulationController />
              <In0 />
              <Device0 />
            </nodeConfigurationSpan>
            <nodeConfigurationSpan startTimeSeconds="3" timeSpanSeconds="0.6">
              <SimulationController />
              <In0 />
              <Device0 />
            </nodeConfigurationSpan>
            <nodeConfigurationSpan startTimeSeconds="3.6" timeSpanSeconds="0.6">
              <SimulationController />
              <In0 />
              <Device0 />
            </nodeConfigurationSpan>
            <nodeConfigurationSpan startTimeSeconds="4.2" timeSpanSeconds="0.6">
              <SimulationController />
              <In0 />
              <Device0 />
            </nodeConfigurationSpan>
            <nodeConfigurationSpan startTimeSeconds="4.8" timeSpanSeconds="0.6">
              <SimulationController />
              <In0 />
              <Device0 />
            </nodeConfigurationSpan>
            <nodeConfigurationSpan startTimeSeconds="5.4" timeSpanSeconds="0.6">
              <SimulationController />
              <In0 />
              <Device0 />
            </nodeConfigurationSpan>
            <nodeConfigurationSpan startTimeSeconds="6" timeSpanSeconds="0.6">
              <SimulationController />
              <In0 />
              <Device0 />
            </nodeConfigurationSpan>
            <nodeConfigurationSpan startTimeSeconds="6.6" timeSpanSeconds="0.6">
              <SimulationController />
              <In0 />
              <Device0 />
            </nodeConfigurationSpan>
            <nodeConfigurationSpan startTimeSeconds="7.2" timeSpanSeconds="0.6">
              <SimulationController />
              <In0 />
              <Device0 />
            </nodeConfigurationSpan>
            <nodeConfigurationSpan startTimeSeconds="7.8" timeSpanSeconds="0.6">
              <SimulationController />
              <In0 />
              <Device0 />
            </nodeConfigurationSpan>
            <nodeConfigurationSpan startTimeSeconds="8.4" timeSpanSeconds="0.6">
              <SimulationController />
              <In0 />
              <Device0 />
            </nodeConfigurationSpan>
            <nodeConfigurationSpan startTimeSeconds="9" timeSpanSeconds="0.6">
              <SimulationController />
              <In0 />
              <Device0 />
            </nodeConfigurationSpan>
            <nodeConfigurationSpan startTimeSeconds="9.6" timeSpanSeconds="0.4">
              <SimulationController />
              <In0 />
              <Device0 />
            </nodeConfigurationSpan>
          </nodeConfigurationSpans>
          <data>
            <measurement qty="0.000" unit="V" />
            <measurement qty="0.001" unit="V" />
            <measurement qty="0.002" unit="V" />
            <measurement qty="0.003" unit="V" />
            <measurement qty="0.004" unit="V" />
            <measurement qty="0.005" unit="V" />
            <measurement qty="0.006" unit="V" />
            <measurement qty="0.007" unit="V" />
            <measurement qty="0.008" unit="V" />
            <measurement qty="0.009" unit="V" />
            <measurement qty="0.010" unit="V" />
            <measurement qty="0.011" unit="V" />
            <measurement qty="0.012" unit="V" />
            <measurement qty="0.013" unit="V" />
            <measurement qty="0.014" unit="V" />
            <measurement qty="0.015" unit="V" />
            <measurement qty="0.016" unit="V" />
            <measurement qty="0.017" unit="V" />
            <measurement qty="0.018" unit="V" />
            <measurement qty="0.019" unit="V" />
            <measurement qty="0.020" unit="V" />
            <measurement qty="0.021" unit="V" />
            <measurement qty="0.022" unit="V" />
            <measurement qty="0.023" unit="V" />
            <measurement qty="0.024" unit="V" />
            <measurement qty="0.025" unit="V" />
            <measurement qty="0.026" unit="V" />
            <measurement qty="0.027" unit="V" />
            <measurement qty="0.028" unit="V" />
            <measurement qty="0.029" unit="V" />
            <measurement qty="0.030" unit="V" />
            <measurement qty="0.031" unit="V" />
            <measurement qty="0.032" unit="V" />
            <measurement qty="0.033" unit="V" />
            <measurement qty="0.034" unit="V" />
            <measurement qty="0.035" unit="V" />
            <measurement qty="0.036" unit="V" />
            <measurement qty="0.037" unit="V" />
            <measurement qty="0.038" unit="V" />
            <measurement qty="0.039" unit="V" />
            <measurement qty="0.040" unit="V" />
            <measurement qty="0.041" unit="V" />
            <measurement qty="0.042" unit="V" />
            <measurement qty="0.043" unit="V" />
            <measurement qty="0.044" unit="V" />
            <measurement qty="0.045" unit="V" />
            <measurement qty="0.046" unit="V" />
            <measurement qty="0.047" unit="V" />
            <measurement qty="0.048" unit="V" />
            <measurement qty="0.049" unit="V" />
          </data>
        </response>
        <response device="Device1">
          <inputTime>1/1/0001 12:00:00 AM +00:00</inputTime>
          <sampleRate>
            <measurement qty="5" unit="Hz" />
          </sampleRate>
          <nodeConfigurationSpans>
            <nodeConfigurationSpan startTimeSeconds="0" timeSpanSeconds="0.6">
              <SimulationController />
              <In1 />
              <Device1 />
            </nodeConfigurationSpan>
            <nodeConfigurationSpan startTimeSeconds="0.6" timeSpanSeconds="0.6">
              <SimulationController />
              <In1 />
              <Device1 />
            </nodeConfigurationSpan>
            <nodeConfigurationSpan startTimeSeconds="1.2" timeSpanSeconds="0.6">
              <SimulationController />
              <In1 />
              <Device1 />
            </nodeConfigurationSpan>
            <nodeConfigurationSpan startTimeSeconds="1.8" timeSpanSeconds="0.6">
              <SimulationController />
              <In1 />
              <Device1 />
            </nodeConfigurationSpan>
            <nodeConfigurationSpan startTimeSeconds="2.4" timeSpanSeconds="0.6">
              <SimulationController />
              <In1 />
              <Device1 />
            </nodeConfigurationSpan>
            <nodeConfigurationSpan startTimeSeconds="3" timeSpanSeconds="0.6">
              <SimulationController />
              <In1 />
              <Device1 />
            </nodeConfigurationSpan>
            <nodeConfigurationSpan startTimeSeconds="3.6" timeSpanSeconds="0.6">
              <SimulationController />
              <In1 />
              <Device1 />
            </nodeConfigurationSpan>
            <nodeConfigurationSpan startTimeSeconds="4.2" timeSpanSeconds="0.6">
              <SimulationController />
              <In1 />
              <Device1 />
            </nodeConfigurationSpan>
            <nodeConfigurationSpan startTimeSeconds="4.8" timeSpanSeconds="0.6">
              <SimulationController />
              <In1 />
              <Device1 />
            </nodeConfigurationSpan>
            <nodeConfigurationSpan startTimeSeconds="5.4" timeSpanSeconds="0.6">
              <SimulationController />
              <In1 />
              <Device1 />
            </nodeConfigurationSpan>
            <nodeConfigurationSpan startTimeSeconds="6" timeSpanSeconds="0.6">
              <SimulationController />
              <In1 />
              <Device1 />
            </nodeConfigurationSpan>
            <nodeConfigurationSpan startTimeSeconds="6.6" timeSpanSeconds="0.6">
              <SimulationController />
              <In1 />
              <Device1 />
            </nodeConfigurationSpan>
            <nodeConfigurationSpan startTimeSeconds="7.2" timeSpanSeconds="0.6">
              <SimulationController />
              <In1 />
              <Device1 />
            </nodeConfigurationSpan>
            <nodeConfigurationSpan startTimeSeconds="7.8" timeSpanSeconds="0.6">
              <SimulationController />
              <In1 />
              <Device1 />
            </nodeConfigurationSpan>
            <nodeConfigurationSpan startTimeSeconds="8.4" timeSpanSeconds="0.6">
              <SimulationController />
              <In1 />
              <Device1 />
            </nodeConfigurationSpan>
            <nodeConfigurationSpan startTimeSeconds="9" timeSpanSeconds="0.6">
              <SimulationController />
              <In1 />
              <Device1 />
            </nodeConfigurationSpan>
            <nodeConfigurationSpan startTimeSeconds="9.6" timeSpanSeconds="0.4">
              <SimulationController />
              <In1 />
              <Device1 />
            </nodeConfigurationSpan>
          </nodeConfigurationSpans>
          <data>
            <measurement qty="0.000" unit="V" />
            <measurement qty="0.001" unit="V" />
            <measurement qty="0.002" unit="V" />
            <measurement qty="0.003" unit="V" />
            <measurement qty="0.004" unit="V" />
            <measurement qty="0.005" unit="V" />
            <measurement qty="0.006" unit="V" />
            <measurement qty="0.007" unit="V" />
            <measurement qty="0.008" unit="V" />
            <measurement qty="0.009" unit="V" />
            <measurement qty="0.010" unit="V" />
            <measurement qty="0.011" unit="V" />
            <measurement qty="0.012" unit="V" />
            <measurement qty="0.013" unit="V" />
            <measurement qty="0.014" unit="V" />
            <measurement qty="0.015" unit="V" />
            <measurement qty="0.016" unit="V" />
            <measurement qty="0.017" unit="V" />
            <measurement qty="0.018" unit="V" />
            <measurement qty="0.019" unit="V" />
            <measurement qty="0.020" unit="V" />
            <measurement qty="0.021" unit="V" />
            <measurement qty="0.022" unit="V" />
            <measurement qty="0.023" unit="V" />
            <measurement qty="0.024" unit="V" />
            <measurement qty="0.025" unit="V" />
            <measurement qty="0.026" unit="V" />
            <measurement qty="0.027" unit="V" />
            <measurement qty="0.028" unit="V" />
            <measurement qty="0.029" unit="V" />
            <measurement qty="0.030" unit="V" />
            <measurement qty="0.031" unit="V" />
            <measurement qty="0.032" unit="V" />
            <measurement qty="0.033" unit="V" />
            <measurement qty="0.034" unit="V" />
            <measurement qty="0.035" unit="V" />
            <measurement qty="0.036" unit="V" />
            <measurement qty="0.037" unit="V" />
            <measurement qty="0.038" unit="V" />
            <measurement qty="0.039" unit="V" />
            <measurement qty="0.040" unit="V" />
            <measurement qty="0.041" unit="V" />
            <measurement qty="0.042" unit="V" />
            <measurement qty="0.043" unit="V" />
            <measurement qty="0.044" unit="V" />
            <measurement qty="0.045" unit="V" />
            <measurement qty="0.046" unit="V" />
            <measurement qty="0.047" unit="V" />
            <measurement qty="0.048" unit="V" />
            <measurement qty="0.049" unit="V" />
          </data>
        </response>
      </responses>
    </epoch>
  </epochGroup>
</experiment>